Result of a + b:  30
30 is greater than 15
10 is less than or equal to 15
Table element 1: 1
Done!
